2026-08-30 18:38:52.603: [INFO] CurrentProfilePath: C:\Users\Charles\Downloads\Sifu Modding\Movesets Prototypes\Moveset Maker\SifuMovesetEditor\bin\Release\net10.0-windows\SifuMovesetEditor.exe.WebView2\EBWebView\Default
2026-08-30 18:38:52.603: [INFO] Profiles total count: 1
2026-08-30 18:38:52.603: [INFO] Profile: name=Profile 1 path=C:\Users\Charles\Downloads\Sifu Modding\Movesets Prototypes\Moveset Maker\SifuMovesetEditor\bin\Release\net10.0-windows\SifuMovesetEditor.exe.WebView2\EBWebView\Default lastActive=null
2026-08-30 18:38:52.603: [INFO] LastUsedProfileDir: C:\Users\Charles\Downloads\Sifu Modding\Movesets Prototypes\Moveset Maker\SifuMovesetEditor\bin\Release\net10.0-windows\SifuMovesetEditor.exe.WebView2\EBWebView\Default
2026-08-30 18:38:52.603: [INFO] OnDoneLoading sync enabled: 0
2026-08-30 18:38:52.603: [INFO] BookmarkModelLoaded, ids_reassigned: 0
2026-08-30 18:38:52.603: [INFO] BookmarksLoadDropped droppedNodes=0
2026-08-30 18:38:52.603: [INFO] BookmarksSnapshot Startup total=0 bar=0 other=0 mobile=0 showBar=0 showBarNTP=1
2026-08-30 18:39:25.310: [INFO] BookmarksSnapshot Shutdown total=0 bar=0 other=0 mobile=0 showBar=0 showBarNTP=1
2026-08-30 19:00:38.673: [INFO] CurrentProfilePath: C:\Users\Charles\Downloads\Sifu Modding\Movesets Prototypes\Moveset Maker\SifuMovesetEditor\bin\Release\net10.0-windows\SifuMovesetEditor.exe.WebView2\EBWebView\Default
2026-08-30 19:00:38.673: [INFO] Profiles total count: 1
2026-08-30 19:00:38.673: [INFO] Profile: name=Profile 1 path=C:\Users\Charles\Downloads\Sifu Modding\Movesets Prototypes\Moveset Maker\SifuMovesetEditor\bin\Release\net10.0-windows\SifuMovesetEditor.exe.WebView2\EBWebView\Default lastActive=null
2026-08-30 19:00:38.673: [INFO] LastUsedProfileDir: C:\Users\Charles\Downloads\Sifu Modding\Movesets Prototypes\Moveset Maker\SifuMovesetEditor\bin\Release\net10.0-windows\SifuMovesetEditor.exe.WebView2\EBWebView\Default
2026-08-30 19:00:38.673: [INFO] OnDoneLoading sync enabled: 0
2026-08-30 19:00:38.673: [INFO] BookmarkModelLoaded, ids_reassigned: 0
2026-08-30 19:00:38.673: [INFO] BookmarksLoadDropped droppedNodes=0
2026-08-30 19:00:38.673: [INFO] BookmarksSnapshot Startup total=0 bar=0 other=0 mobile=0 showBar=0 showBarNTP=1
2026-08-30 19:02:19.086: [INFO] BookmarksSnapshot Shutdown total=0 bar=0 other=0 mobile=0 showBar=0 showBarNTP=1
2026-08-30 19:41:27.158: [INFO] CurrentProfilePath: C:\Users\Charles\Downloads\Sifu Modding\Movesets Prototypes\Moveset Maker\SifuMovesetEditor\bin\Release\net10.0-windows\SifuMovesetEditor.exe.WebView2\EBWebView\Default
2026-08-30 19:41:27.158: [INFO] Profiles total count: 1
2026-08-30 19:41:27.160: [INFO] Profile: name=Profile 1 path=C:\Users\Charles\Downloads\Sifu Modding\Movesets Prototypes\Moveset Maker\SifuMovesetEditor\bin\Release\net10.0-windows\SifuMovesetEditor.exe.WebView2\EBWebView\Default lastActive=2026-08-30T19:02:19.047Z
2026-08-30 19:41:27.160: [INFO] LastUsedProfileDir: C:\Users\Charles\Downloads\Sifu Modding\Movesets Prototypes\Moveset Maker\SifuMovesetEditor\bin\Release\net10.0-windows\SifuMovesetEditor.exe.WebView2\EBWebView\Default
2026-08-30 19:41:27.160: [INFO] MostRecentlyActiveProfile: name=Profile 1 path=C:\Users\Charles\Downloads\Sifu Modding\Movesets Prototypes\Moveset Maker\SifuMovesetEditor\bin\Release\net10.0-windows\SifuMovesetEditor.exe.WebView2\EBWebView\Default lastActive=2026-08-30T19:02:19.047Z
2026-08-30 19:41:27.160: [INFO] OnDoneLoading sync enabled: 0
2026-08-30 19:41:27.160: [INFO] BookmarkModelLoaded, ids_reassigned: 0
2026-08-30 19:41:27.160: [INFO] BookmarksLoadDropped droppedNodes=0
2026-08-30 19:41:27.160: [INFO] BookmarksSnapshot Startup total=0 bar=0 other=0 mobile=0 showBar=0 showBarNTP=1
2026-08-30 19:54:13.327: [INFO] BookmarksSnapshot Shutdown total=0 bar=0 other=0 mobile=0 showBar=0 showBarNTP=1
2026-08-30 20:42:11.760: [INFO] CurrentProfilePath: C:\Users\Charles\Downloads\Sifu Modding\Movesets Prototypes\Moveset Maker\SifuMovesetEditor\bin\Release\net10.0-windows\SifuMovesetEditor.exe.WebView2\EBWebView\Default
2026-08-30 20:42:11.760: [INFO] Profiles total count: 1
2026-08-30 20:42:11.760: [INFO] Profile: name=Profile 1 path=C:\Users\Charles\Downloads\Sifu Modding\Movesets Prototypes\Moveset Maker\SifuMovesetEditor\bin\Release\net10.0-windows\SifuMovesetEditor.exe.WebView2\EBWebView\Default lastActive=2026-08-30T19:02:19.047Z
2026-08-30 20:42:11.760: [INFO] LastUsedProfileDir: C:\Users\Charles\Downloads\Sifu Modding\Movesets Prototypes\Moveset Maker\SifuMovesetEditor\bin\Release\net10.0-windows\SifuMovesetEditor.exe.WebView2\EBWebView\Default
2026-08-30 20:42:11.760: [INFO] MostRecentlyActiveProfile: name=Profile 1 path=C:\Users\Charles\Downloads\Sifu Modding\Movesets Prototypes\Moveset Maker\SifuMovesetEditor\bin\Release\net10.0-windows\SifuMovesetEditor.exe.WebView2\EBWebView\Default lastActive=2026-08-30T19:02:19.047Z
2026-08-30 20:42:11.760: [INFO] OnDoneLoading sync enabled: 0
2026-08-30 20:42:11.760: [INFO] BookmarkModelLoaded, ids_reassigned: 0
2026-08-30 20:42:11.760: [INFO] BookmarksLoadDropped droppedNodes=0
2026-08-30 20:42:11.761: [INFO] BookmarksSnapshot Startup total=0 bar=0 other=0 mobile=0 showBar=0 showBarNTP=1
2026-08-30 20:43:23.587: [INFO] BookmarksSnapshot Shutdown total=0 bar=0 other=0 mobile=0 showBar=0 showBarNTP=1
2026-08-30 20:43:30.167: [INFO] CurrentProfilePath: C:\Users\Charles\Downloads\Sifu Modding\Movesets Prototypes\Moveset Maker\SifuMovesetEditor\bin\Release\net10.0-windows\SifuMovesetEditor.exe.WebView2\EBWebView\Default
2026-08-30 20:43:30.167: [INFO] Profiles total count: 1
2026-08-30 20:43:30.168: [INFO] Profile: name=Profile 1 path=C:\Users\Charles\Downloads\Sifu Modding\Movesets Prototypes\Moveset Maker\SifuMovesetEditor\bin\Release\net10.0-windows\SifuMovesetEditor.exe.WebView2\EBWebView\Default lastActive=2026-08-30T19:02:19.047Z
2026-08-30 20:43:30.168: [INFO] LastUsedProfileDir: C:\Users\Charles\Downloads\Sifu Modding\Movesets Prototypes\Moveset Maker\SifuMovesetEditor\bin\Release\net10.0-windows\SifuMovesetEditor.exe.WebView2\EBWebView\Default
2026-08-30 20:43:30.168: [INFO] MostRecentlyActiveProfile: name=Profile 1 path=C:\Users\Charles\Downloads\Sifu Modding\Movesets Prototypes\Moveset Maker\SifuMovesetEditor\bin\Release\net10.0-windows\SifuMovesetEditor.exe.WebView2\EBWebView\Default lastActive=2026-08-30T19:02:19.047Z
2026-08-30 20:43:30.168: [INFO] OnDoneLoading sync enabled: 0
2026-08-30 20:43:30.168: [INFO] BookmarkModelLoaded, ids_reassigned: 0
2026-08-30 20:43:30.168: [INFO] BookmarksLoadDropped droppedNodes=0
2026-08-30 20:43:30.168: [INFO] BookmarksSnapshot Startup total=0 bar=0 other=0 mobile=0 showBar=0 showBarNTP=1
2026-08-30 20:43:43.217: [INFO] BookmarksSnapshot Shutdown total=0 bar=0 other=0 mobile=0 showBar=0 showBarNTP=1
2026-08-30 20:45:56.251: [INFO] CurrentProfilePath: C:\Users\Charles\Downloads\Sifu Modding\Movesets Prototypes\Moveset Maker\SifuMovesetEditor\bin\Release\net10.0-windows\SifuMovesetEditor.exe.WebView2\EBWebView\Default
2026-08-30 20:45:56.251: [INFO] Profiles total count: 1
2026-08-30 20:45:56.252: [INFO] Profile: name=Profile 1 path=C:\Users\Charles\Downloads\Sifu Modding\Movesets Prototypes\Moveset Maker\SifuMovesetEditor\bin\Release\net10.0-windows\SifuMovesetEditor.exe.WebView2\EBWebView\Default lastActive=2026-08-30T19:02:19.047Z
2026-08-30 20:45:56.252: [INFO] LastUsedProfileDir: C:\Users\Charles\Downloads\Sifu Modding\Movesets Prototypes\Moveset Maker\SifuMovesetEditor\bin\Release\net10.0-windows\SifuMovesetEditor.exe.WebView2\EBWebView\Default
2026-08-30 20:45:56.252: [INFO] MostRecentlyActiveProfile: name=Profile 1 path=C:\Users\Charles\Downloads\Sifu Modding\Movesets Prototypes\Moveset Maker\SifuMovesetEditor\bin\Release\net10.0-windows\SifuMovesetEditor.exe.WebView2\EBWebView\Default lastActive=2026-08-30T19:02:19.047Z
2026-08-30 20:45:56.252: [INFO] OnDoneLoading sync enabled: 0
2026-08-30 20:45:56.252: [INFO] BookmarkModelLoaded, ids_reassigned: 0
2026-08-30 20:45:56.252: [INFO] BookmarksLoadDropped droppedNodes=0
2026-08-30 20:45:56.252: [INFO] BookmarksSnapshot Startup total=0 bar=0 other=0 mobile=0 showBar=0 showBarNTP=1
2026-08-30 20:46:53.699: [INFO] BookmarksSnapshot Shutdown total=0 bar=0 other=0 mobile=0 showBar=0 showBarNTP=1
2026-08-30 20:46:58.374: [INFO] CurrentProfilePath: C:\Users\Charles\Downloads\Sifu Modding\Movesets Prototypes\Moveset Maker\SifuMovesetEditor\bin\Release\net10.0-windows\SifuMovesetEditor.exe.WebView2\EBWebView\Default
2026-08-30 20:46:58.374: [INFO] Profiles total count: 1
2026-08-30 20:46:58.374: [INFO] Profile: name=Profile 1 path=C:\Users\Charles\Downloads\Sifu Modding\Movesets Prototypes\Moveset Maker\SifuMovesetEditor\bin\Release\net10.0-windows\SifuMovesetEditor.exe.WebView2\EBWebView\Default lastActive=2026-08-30T19:02:19.047Z
2026-08-30 20:46:58.374: [INFO] LastUsedProfileDir: C:\Users\Charles\Downloads\Sifu Modding\Movesets Prototypes\Moveset Maker\SifuMovesetEditor\bin\Release\net10.0-windows\SifuMovesetEditor.exe.WebView2\EBWebView\Default
2026-08-30 20:46:58.374: [INFO] MostRecentlyActiveProfile: name=Profile 1 path=C:\Users\Charles\Downloads\Sifu Modding\Movesets Prototypes\Moveset Maker\SifuMovesetEditor\bin\Release\net10.0-windows\SifuMovesetEditor.exe.WebView2\EBWebView\Default lastActive=2026-08-30T19:02:19.047Z
2026-08-30 20:46:58.374: [INFO] OnDoneLoading sync enabled: 0
2026-08-30 20:46:58.374: [INFO] BookmarkModelLoaded, ids_reassigned: 0
2026-08-30 20:46:58.374: [INFO] BookmarksLoadDropped droppedNodes=0
2026-08-30 20:46:58.374: [INFO] BookmarksSnapshot Startup total=0 bar=0 other=0 mobile=0 showBar=0 showBarNTP=1
2026-08-30 20:47:46.153: [INFO] BookmarksSnapshot Shutdown total=0 bar=0 other=0 mobile=0 showBar=0 showBarNTP=1
2026-08-30 20:53:26.081: [INFO] CurrentProfilePath: C:\Users\Charles\Downloads\Sifu Modding\Movesets Prototypes\Moveset Maker\SifuMovesetEditor\bin\Release\net10.0-windows\SifuMovesetEditor.exe.WebView2\EBWebView\Default
2026-08-30 20:53:26.081: [INFO] Profiles total count: 1
2026-08-30 20:53:26.081: [INFO] Profile: name=Profile 1 path=C:\Users\Charles\Downloads\Sifu Modding\Movesets Prototypes\Moveset Maker\SifuMovesetEditor\bin\Release\net10.0-windows\SifuMovesetEditor.exe.WebView2\EBWebView\Default lastActive=2026-08-30T19:02:19.047Z
2026-08-30 20:53:26.081: [INFO] LastUsedProfileDir: C:\Users\Charles\Downloads\Sifu Modding\Movesets Prototypes\Moveset Maker\SifuMovesetEditor\bin\Release\net10.0-windows\SifuMovesetEditor.exe.WebView2\EBWebView\Default
2026-08-30 20:53:26.081: [INFO] MostRecentlyActiveProfile: name=Profile 1 path=C:\Users\Charles\Downloads\Sifu Modding\Movesets Prototypes\Moveset Maker\SifuMovesetEditor\bin\Release\net10.0-windows\SifuMovesetEditor.exe.WebView2\EBWebView\Default lastActive=2026-08-30T19:02:19.047Z
2026-08-30 20:53:26.081: [INFO] OnDoneLoading sync enabled: 0
2026-08-30 20:53:26.081: [INFO] BookmarkModelLoaded, ids_reassigned: 0
2026-08-30 20:53:26.081: [INFO] BookmarksLoadDropped droppedNodes=0
2026-08-30 20:53:26.081: [INFO] BookmarksSnapshot Startup total=0 bar=0 other=0 mobile=0 showBar=0 showBarNTP=1
2026-08-30 20:59:17.825: [INFO] BookmarksSnapshot Shutdown total=0 bar=0 other=0 mobile=0 showBar=0 showBarNTP=1
