[01:50:27] Loaded 602 engine content files from C:\Users\Charles\Downloads\Sifu Modding\Unreal Pak Extracter and Creator\extractedPaks\pakchunk0-WindowsNoEditor\Engine\Content
[01:50:27] [COMBO] Loaded Sifu/Content/DB/_MainChar/Combos/MainChar_ComboTree.MainChar_ComboTree: exportType=Combo, weapon=BareHands
[01:50:27] [COMBO] Split tree node 0 into 2 direction variants: GetUp Attack [], GetUp Attack []
[01:50:27] [COMBO] Split tree node 4 into 2 direction variants: ShinKick [FR], ShinKick [BL]
[01:50:27] [COMBO] Split tree node 5 into 2 direction variants: ThroatPunch [FL], ThroatPunch [BL]
[01:50:27] [COMBO] Split tree node 7 into 2 direction variants: Palm02 [FL], Palm02 [BR]
[01:50:27] [COMBO] Split tree node 8 into 2 direction variants: TripleHit [FL], TripleHit [BR]
[01:50:27] [COMBO] Split tree node 9 into 2 direction variants: MultiHitClaws [FL], MultiHitClaws [BR]
[01:50:27] [COMBO] Split tree node 10 into 2 direction variants: DoubleElbow [FL], DoubleElbow [BR]
[01:50:27] [COMBO] Split tree node 11 into 2 direction variants: ClawsElbow [FL], ClawsElbow [BR]
[01:50:27] [COMBO] Split tree node 12 into 2 direction variants: ElbowSync [FL], ElbowSync [BR]
[01:50:27] [COMBO] Split tree node 14 into 2 direction variants: Ext02 [FR], Ext02 [BL]
[01:50:27] [COMBO] Split tree node 15 into 2 direction variants: AoeKnockdown [FL], AoeKnockdown [BR]
[01:50:27] [COMBO] Split tree node 16 into 2 direction variants: DelaySpinHighKick [FL], DelaySpinHighKick [BL]
[01:50:28] [COMBO] Split tree node 30 into 2 direction variants: FrontKick [FR], FrontKick [BL]
[01:50:28] [COMBO] Split tree node 31 into 2 direction variants: LowKick [FL], LowKick [BR]
[01:50:28] [COMBO] Split tree node 32 into 2 direction variants: Palm Strike [FR], Palm Strike [BL]
[01:50:28] [COMBO] Split tree node 33 into 2 direction variants: GuardBreak [FL], GuardBreak [BL]
[01:50:28] [COMBO] Split tree node 36 into 2 direction variants: Thrust Kick [FL], Thrust Kick [BL]
[01:50:28] [COMBO] Split tree node 39 into 2 direction variants: GroundPunch [FL], GroundPunch [BL]
[01:50:28] [COMBO] Split tree node 44 into 2 direction variants: Jab(new) [FR], Jab(new) [BL]
[01:50:28] [COMBO] Split tree node 45 into 2 direction variants: ThroatPlexus [FR], ThroatPlexus [BL]
[01:50:28] [COMBO] Split tree node 48 into 2 direction variants: BellyPalm [FR], BellyPalm [BR]
[01:50:28] [COMBO] Split tree node 50 into 2 direction variants: MultiHit [FL], MultiHit [BR]
[01:50:28] [COMBO] Split tree node 51 into 2 direction variants: ResilientAttack [FL], ResilientAttack [BL]
[01:50:28] [COMBO] Split tree node 54 into 2 direction variants: SpinHighKickFollowUp [FL], SpinHighKickFollowUp [BL]
[01:50:29] [COMBO] Parsed 81 raw nodes from 57 tree nodes
[01:50:29] [COMBO] MainChar: stripped redirect flags (redirects are enemy-only)
[01:50:29] [COMBO] Parsed 110 raw edges
[01:50:29] [COMBO] After dedup: 102 raw edges
[01:50:29] [COMBO] Final: 60 nodes, 64 edges (removed 21 conduits, kept 0 redirects)
[01:50:29] [IMPORT] ReadModdedComboNodes: 52 nodes from MainChar_ComboTree.uasset
[01:50:29] [IMPORT] Tree size mismatch: 52 modded vs 36 vanilla tree indices (BareHands)
[01:50:29] [IMPORT] ApplyModdedComboToVanilla: 16 moves, 0 retargets, 0 unmatched (BareHands)
[02:20:20] Loaded 602 engine content files from C:\Users\Charles\Downloads\Sifu Modding\Unreal Pak Extracter and Creator\extractedPaks\pakchunk0-WindowsNoEditor\Engine\Content
[02:20:20] [COMBO] Loaded Sifu/Content/DB/_MainChar/Combos/MainChar_ComboTree.MainChar_ComboTree: exportType=Combo, weapon=BareHands
[02:20:20] [COMBO] Split tree node 0 into 2 direction variants: GetUp Attack [], GetUp Attack []
[02:20:20] [COMBO] Split tree node 4 into 2 direction variants: ShinKick [FR], ShinKick [BL]
[02:20:20] [COMBO] Split tree node 5 into 2 direction variants: ThroatPunch [FL], ThroatPunch [BL]
[02:20:20] [COMBO] Split tree node 7 into 2 direction variants: Palm02 [FL], Palm02 [BR]
[02:20:21] [COMBO] Split tree node 8 into 2 direction variants: TripleHit [FL], TripleHit [BR]
[02:20:21] [COMBO] Split tree node 9 into 2 direction variants: MultiHitClaws [FL], MultiHitClaws [BR]
[02:20:21] [COMBO] Split tree node 10 into 2 direction variants: DoubleElbow [FL], DoubleElbow [BR]
[02:20:21] [COMBO] Split tree node 11 into 2 direction variants: ClawsElbow [FL], ClawsElbow [BR]
[02:20:21] [COMBO] Split tree node 12 into 2 direction variants: ElbowSync [FL], ElbowSync [BR]
[02:20:21] [COMBO] Split tree node 14 into 2 direction variants: Ext02 [FR], Ext02 [BL]
[02:20:21] [COMBO] Split tree node 15 into 2 direction variants: AoeKnockdown [FL], AoeKnockdown [BR]
[02:20:21] [COMBO] Split tree node 16 into 2 direction variants: DelaySpinHighKick [FL], DelaySpinHighKick [BL]
[02:20:21] [COMBO] Split tree node 30 into 2 direction variants: FrontKick [FR], FrontKick [BL]
[02:20:21] [COMBO] Split tree node 31 into 2 direction variants: LowKick [FL], LowKick [BR]
[02:20:21] [COMBO] Split tree node 32 into 2 direction variants: Palm Strike [FR], Palm Strike [BL]
[02:20:21] [COMBO] Split tree node 33 into 2 direction variants: GuardBreak [FL], GuardBreak [BL]
[02:20:21] [COMBO] Split tree node 36 into 2 direction variants: Thrust Kick [FL], Thrust Kick [BL]
[02:20:21] [COMBO] Split tree node 39 into 2 direction variants: GroundPunch [FL], GroundPunch [BL]
[02:20:21] [COMBO] Split tree node 44 into 2 direction variants: Jab(new) [FR], Jab(new) [BL]
[02:20:21] [COMBO] Split tree node 45 into 2 direction variants: ThroatPlexus [FR], ThroatPlexus [BL]
[02:20:21] [COMBO] Split tree node 48 into 2 direction variants: BellyPalm [FR], BellyPalm [BR]
[02:20:21] [COMBO] Split tree node 50 into 2 direction variants: MultiHit [FL], MultiHit [BR]
[02:20:22] [COMBO] Split tree node 51 into 2 direction variants: ResilientAttack [FL], ResilientAttack [BL]
[02:20:22] [COMBO] Split tree node 54 into 2 direction variants: SpinHighKickFollowUp [FL], SpinHighKickFollowUp [BL]
[02:20:22] [COMBO] Parsed 81 raw nodes from 57 tree nodes
[02:20:22] [COMBO] MainChar: stripped redirect flags (redirects are enemy-only)
[02:20:22] [COMBO] Parsed 110 raw edges
[02:20:22] [COMBO] After dedup: 102 raw edges
[02:20:22] [COMBO] Final: 60 nodes, 64 edges (removed 21 conduits, kept 0 redirects)
[02:20:22] [IMPORT] ReadModdedComboNodes: 52 nodes from MainChar_ComboTree.uasset
[02:20:22] [IMPORT] Tree size mismatch: 52 modded vs 36 vanilla tree indices (BareHands)
[02:20:22] [IMPORT] ApplyModdedComboToVanilla: 16 moves, 0 retargets, 0 unmatched (BareHands)
