[23:58:31] Loaded 602 engine content files from C:\Users\Charles\Downloads\Sifu Modding\Unreal Pak Extracter and Creator\extractedPaks\pakchunk0-WindowsNoEditor\Engine\Content
[23:58:31] [DT] Loaded Game/DB/AI/Archetypes/Grunt/Attacks/Grunt_AttacksDatatable: 19 rows, struct=AttackDataRow
[23:58:31] [DT]   Fields: m_Anim[SoftObjectProperty], m_bCanBeMirrored[BoolProperty], m_eMirroringMethod[EnumProperty], m_fMirrorUseNextFootMarkerThreshold[FloatProperty], m_eStartQuadrant[EnumProperty], m_eEndQuadrant[EnumProperty], m_fMeasuredForwardMovement[FloatProperty], m_fMovementRightLength[FloatProperty], m_bDirectRightMovementFollow[BoolProperty], m_iLastBuildupFrame[IntProperty], m_fHitFrame[FloatProperty], m_bStrikelessAttack[BoolProperty], m_Name[NameProperty], m_RealAttackName[TextProperty]
[23:58:31] [DT] Loaded Game/DB/AI/Archetypes/Grunt/Attacks/Grunt_WeaponsDatatable: 15 rows, struct=AttackDataRow
[23:58:31] [DT]   Fields: m_Anim[SoftObjectProperty], m_bCanBeMirrored[BoolProperty], m_eMirroringMethod[EnumProperty], m_fMirrorUseNextFootMarkerThreshold[FloatProperty], m_eStartQuadrant[EnumProperty], m_eEndQuadrant[EnumProperty], m_fMeasuredForwardMovement[FloatProperty], m_fMovementRightLength[FloatProperty], m_bDirectRightMovementFollow[BoolProperty], m_iLastBuildupFrame[IntProperty], m_fHitFrame[FloatProperty], m_bStrikelessAttack[BoolProperty], m_Name[NameProperty], m_RealAttackName[TextProperty]
[23:58:31] [DT] Loaded Game/DB/AI/Archetypes/FlashKick/Attacks/FlashKick_AttackData: 30 rows, struct=AttackDataRow
[23:58:31] [DT]   Fields: m_Anim[SoftObjectProperty], m_bCanBeMirrored[BoolProperty], m_eMirroringMethod[EnumProperty], m_fMirrorUseNextFootMarkerThreshold[FloatProperty], m_eStartQuadrant[EnumProperty], m_eEndQuadrant[EnumProperty], m_fMeasuredForwardMovement[FloatProperty], m_fMovementRightLength[FloatProperty], m_bDirectRightMovementFollow[BoolProperty], m_iLastBuildupFrame[IntProperty], m_fHitFrame[FloatProperty], m_bStrikelessAttack[BoolProperty], m_Name[NameProperty], m_RealAttackName[TextProperty]
[23:58:31] [DT] Loaded Game/DB/AI/Archetypes/BigGuy/Attacks/BigGuy_AttackData: 28 rows, struct=AttackDataRow
[23:58:31] [DT]   Fields: m_Anim[SoftObjectProperty], m_bCanBeMirrored[BoolProperty], m_eMirroringMethod[EnumProperty], m_fMirrorUseNextFootMarkerThreshold[FloatProperty], m_eStartQuadrant[EnumProperty], m_eEndQuadrant[EnumProperty], m_fMeasuredForwardMovement[FloatProperty], m_fMovementRightLength[FloatProperty], m_bDirectRightMovementFollow[BoolProperty], m_iLastBuildupFrame[IntProperty], m_fHitFrame[FloatProperty], m_bStrikelessAttack[BoolProperty], m_Name[NameProperty], m_RealAttackName[TextProperty]
[23:58:31] [DT] Loaded Game/DB/AI/Archetypes/Bodyguard/Attacks/BodyGuard_AttackData: 14 rows, struct=AttackDataRow
[23:58:31] [DT]   Fields: m_Anim[SoftObjectProperty], m_bCanBeMirrored[BoolProperty], m_eMirroringMethod[EnumProperty], m_fMirrorUseNextFootMarkerThreshold[FloatProperty], m_eStartQuadrant[EnumProperty], m_eEndQuadrant[EnumProperty], m_fMeasuredForwardMovement[FloatProperty], m_fMovementRightLength[FloatProperty], m_bDirectRightMovementFollow[BoolProperty], m_iLastBuildupFrame[IntProperty], m_fHitFrame[FloatProperty], m_bStrikelessAttack[BoolProperty], m_Name[NameProperty], m_RealAttackName[TextProperty]
[23:58:32] [DT] Loaded Game/DB/AI/Archetypes/FireDisciple/Attacks/FireDisciple_AttackData: 22 rows, struct=AttackDataRow
[23:58:32] [DT]   Fields: m_Anim[SoftObjectProperty], m_bCanBeMirrored[BoolProperty], m_eMirroringMethod[EnumProperty], m_fMirrorUseNextFootMarkerThreshold[FloatProperty], m_eStartQuadrant[EnumProperty], m_eEndQuadrant[EnumProperty], m_fMeasuredForwardMovement[FloatProperty], m_fMovementRightLength[FloatProperty], m_bDirectRightMovementFollow[BoolProperty], m_iLastBuildupFrame[IntProperty], m_fHitFrame[FloatProperty], m_bStrikelessAttack[BoolProperty], m_Name[NameProperty], m_RealAttackName[TextProperty]
[23:58:32] [DT] Loaded Game/DB/AI/Archetypes/FireDisciple/Attacks/FireDisciple_Staff_AttackData: 11 rows, struct=AttackDataRow
[23:58:32] [DT]   Fields: m_Anim[SoftObjectProperty], m_bCanBeMirrored[BoolProperty], m_eMirroringMethod[EnumProperty], m_fMirrorUseNextFootMarkerThreshold[FloatProperty], m_eStartQuadrant[EnumProperty], m_eEndQuadrant[EnumProperty], m_fMeasuredForwardMovement[FloatProperty], m_fMovementRightLength[FloatProperty], m_bDirectRightMovementFollow[BoolProperty], m_iLastBuildupFrame[IntProperty], m_fHitFrame[FloatProperty], m_bStrikelessAttack[BoolProperty], m_Name[NameProperty], m_RealAttackName[TextProperty]
[23:58:32] [DT] Loaded Game/DB/AI/Archetypes/Fajar/Attacks/Fajar_AttacksDatatable: 18 rows, struct=AttackDataRow
[23:58:32] [DT]   Fields: m_Anim[SoftObjectProperty], m_bCanBeMirrored[BoolProperty], m_eMirroringMethod[EnumProperty], m_fMirrorUseNextFootMarkerThreshold[FloatProperty], m_eStartQuadrant[EnumProperty], m_eEndQuadrant[EnumProperty], m_fMeasuredForwardMovement[FloatProperty], m_fMovementRightLength[FloatProperty], m_bDirectRightMovementFollow[BoolProperty], m_iLastBuildupFrame[IntProperty], m_fHitFrame[FloatProperty], m_bStrikelessAttack[BoolProperty], m_Name[NameProperty], m_RealAttackName[TextProperty]
[23:58:32] [DT] Loaded Game/DB/AI/Archetypes/Sean/Attacks/Sean_AttacksDatatable: 35 rows, struct=AttackDataRow
[23:58:32] [DT]   Fields: m_Anim[SoftObjectProperty], m_bCanBeMirrored[BoolProperty], m_eMirroringMethod[EnumProperty], m_fMirrorUseNextFootMarkerThreshold[FloatProperty], m_eStartQuadrant[EnumProperty], m_eEndQuadrant[EnumProperty], m_fMeasuredForwardMovement[FloatProperty], m_fMovementRightLength[FloatProperty], m_bDirectRightMovementFollow[BoolProperty], m_iLastBuildupFrame[IntProperty], m_fHitFrame[FloatProperty], m_bStrikelessAttack[BoolProperty], m_Name[NameProperty], m_RealAttackName[TextProperty]
[23:58:32] [DT] Loaded Game/DB/AI/Archetypes/Kuroki/Kuroki_AttacksDatatable: 48 rows, struct=AttackDataRow
[23:58:32] [DT]   Fields: m_Anim[SoftObjectProperty], m_bCanBeMirrored[BoolProperty], m_eMirroringMethod[EnumProperty], m_fMirrorUseNextFootMarkerThreshold[FloatProperty], m_eStartQuadrant[EnumProperty], m_eEndQuadrant[EnumProperty], m_fMeasuredForwardMovement[FloatProperty], m_fMovementRightLength[FloatProperty], m_bDirectRightMovementFollow[BoolProperty], m_iLastBuildupFrame[IntProperty], m_fHitFrame[FloatProperty], m_bStrikelessAttack[BoolProperty], m_Name[NameProperty], m_RealAttackName[TextProperty]
[23:58:32] [DT] Loaded Game/DB/AI/Archetypes/Fengjie/Attacks/Fengjie_AttacksDatatable: 31 rows, struct=AttackDataRow
[23:58:32] [DT]   Fields: m_Anim[SoftObjectProperty], m_bCanBeMirrored[BoolProperty], m_eMirroringMethod[EnumProperty], m_fMirrorUseNextFootMarkerThreshold[FloatProperty], m_eStartQuadrant[EnumProperty], m_eEndQuadrant[EnumProperty], m_fMeasuredForwardMovement[FloatProperty], m_fMovementRightLength[FloatProperty], m_bDirectRightMovementFollow[BoolProperty], m_iLastBuildupFrame[IntProperty], m_fHitFrame[FloatProperty], m_bStrikelessAttack[BoolProperty], m_Name[NameProperty], m_RealAttackName[TextProperty]
[23:58:32] [DT] Loaded Game/DB/AI/Archetypes/Yang/Attacks/Yang_Attacks: 29 rows, struct=AttackDataRow
[23:58:32] [DT]   Fields: m_Anim[SoftObjectProperty], m_bCanBeMirrored[BoolProperty], m_eMirroringMethod[EnumProperty], m_fMirrorUseNextFootMarkerThreshold[FloatProperty], m_eStartQuadrant[EnumProperty], m_eEndQuadrant[EnumProperty], m_fMeasuredForwardMovement[FloatProperty], m_fMovementRightLength[FloatProperty], m_bDirectRightMovementFollow[BoolProperty], m_iLastBuildupFrame[IntProperty], m_fHitFrame[FloatProperty], m_bStrikelessAttack[BoolProperty], m_Name[NameProperty], m_RealAttackName[TextProperty]
[23:58:32] [DT] Loaded Game/DB/Attacks/WUGUAN_Attacks: 0 rows, struct=AttackDataRow
[23:58:32] [DT] Total used animation paths found: 298
[23:58:32] [DT]   Sample: Game/Animations/Grunt/Attacks/Barehands/_old/Grunt_Attack_Barehands_Sweep_360
[23:58:32] [DT]   Sample: Game/Animations/Grunt/Attacks/Barehands/GroundAttack/Grunt_attack_barehands_GroundAttack
[23:58:32] [DT]   Sample: Game/Animations/Grunt/Attacks/Barehands/BaseBallHook/Grunt_Attack_barehands_BaseBallHook
[23:58:32] [DT]   Sample: Game/Animations/Grunt/Attacks/Barehands/Hook/Grunt_Attack_barehands_Hook
[23:58:32] [DT]   Sample: Game/Animations/Grunt/Attacks/Barehands/RollUppercut/Grunt_Attack_Barehands_RollUppercut
[23:58:32] [DT]   Sample: Game/Animations/Grunt/Attacks/Barehands/KneeStrike/Grunt_Attack_Barehands_KneeStrike
[23:58:32] [DT]   Sample: Game/Animations/Grunt/Attacks/Barehands/Jab/Grunt_Attack_barehands_FastJab
[23:58:32] [DT]   Sample: Game/Animations/Grunt/Attacks/Barehands/Jab/Grunt_Attack_barehands_StraightJab
[23:58:32] [DT]   Sample: Game/Animations/Grunt/Attacks/Barehands/Rush/Grunt_Attack_Barehands_RushKick
[23:58:32] [DT]   Sample: Game/Animations/Grunt/Attacks/Barehands/FalconPunch/Grunt_attack_barehands_FalconPunch
[23:58:32] [MATCH] System.Exception: Matched 517/855 as vanilla
Sample scanned: [Game/Animations/BigGuy/Attacks/Barehands/Combo01/BigGuy_attack_barehands_Combo01_DoubleRibs, Game/Animations/BigGuy/Attacks/Barehands/Combo01/BigGuy_attack_barehands_Combo01_Hook, Game/Animations/BigGuy/Attacks/Barehands/Combo01/BigGuy_attack_barehands_Combo01_Uppercut, Game/Animations/BigGuy/Attacks/Barehands/GroundAttack/BigGuy_attack_barehands_GroundAttack_60fps, Game/Animations/BigGuy/Attacks/Barehands/Heavy/BigGuy_attack_barehands_Heavy_DownUppercut]
Sample used:    [Game/Animations/Grunt/Attacks/Barehands/_old/Grunt_Attack_Barehands_Sweep_360, Game/Animations/Grunt/Attacks/Barehands/GroundAttack/Grunt_attack_barehands_GroundAttack, Game/Animations/Grunt/Attacks/Barehands/BaseBallHook/Grunt_Attack_barehands_BaseBallHook, Game/Animations/Grunt/Attacks/Barehands/Hook/Grunt_Attack_barehands_Hook, Game/Animations/Grunt/Attacks/Barehands/RollUppercut/Grunt_Attack_Barehands_RollUppercut]
[23:58:36] [MAP] Built anim→DB mapping: 492 entries
[23:58:36] [COMBO] Loaded MainChar_ComboTree: exportType=Combo
[23:58:36] [COMBO] Parsed 57 raw nodes
[23:58:36] [COMBO] Parsed 47 raw edges
[23:58:36] [COMBO] Final: 36 nodes, 21 edges (removed 21 conduits)
