[02:49:14] Loaded 602 engine content files from C:\Users\Charles\Downloads\Sifu Modding\Unreal Pak Extracter and Creator\extractedPaks\pakchunk0-WindowsNoEditor\Engine\Content
[02:49:15] Loaded 602 engine content files from C:\Users\Charles\Downloads\Sifu Modding\Unreal Pak Extracter and Creator\extractedPaks\pakchunk0-WindowsNoEditor\Engine\Content
[02:49:15] [DT] Loaded Game/DB/AI/Archetypes/Grunt/Attacks/Grunt_AttacksDatatable: 19 rows, struct=AttackDataRow
[02:49:15] [DT]   Fields: m_Anim[SoftObjectProperty], m_bCanBeMirrored[BoolProperty], m_eMirroringMethod[EnumProperty], m_fMirrorUseNextFootMarkerThreshold[FloatProperty], m_eStartQuadrant[EnumProperty], m_eEndQuadrant[EnumProperty], m_fMeasuredForwardMovement[FloatProperty], m_fMovementRightLength[FloatProperty], m_bDirectRightMovementFollow[BoolProperty], m_iLastBuildupFrame[IntProperty], m_fHitFrame[FloatProperty], m_bStrikelessAttack[BoolProperty], m_Name[NameProperty], m_RealAttackName[TextProperty]
[02:49:15] [DT] Loaded Game/DB/AI/Archetypes/Grunt/Attacks/Grunt_WeaponsDatatable: 15 rows, struct=AttackDataRow
[02:49:15] [DT] Loaded Game/DB/AI/Archetypes/Grunt/Attacks/Grunt_WeaponsDatatable: 15 rows, struct=AttackDataRow
[02:49:15] [DT]   Fields: m_Anim[SoftObjectProperty], m_bCanBeMirrored[BoolProperty], m_eMirroringMethod[EnumProperty], m_fMirrorUseNextFootMarkerThreshold[FloatProperty], m_eStartQuadrant[EnumProperty], m_eEndQuadrant[EnumProperty], m_fMeasuredForwardMovement[FloatProperty], m_fMovementRightLength[FloatProperty], m_bDirectRightMovementFollow[BoolProperty], m_iLastBuildupFrame[IntProperty], m_fHitFrame[FloatProperty], m_bStrikelessAttack[BoolProperty], m_Name[NameProperty], m_RealAttackName[TextProperty]
[02:49:15] [DT]   Fields: m_Anim[SoftObjectProperty], m_bCanBeMirrored[BoolProperty], m_eMirroringMethod[EnumProperty], m_fMirrorUseNextFootMarkerThreshold[FloatProperty], m_eStartQuadrant[EnumProperty], m_eEndQuadrant[EnumProperty], m_fMeasuredForwardMovement[FloatProperty], m_fMovementRightLength[FloatProperty], m_bDirectRightMovementFollow[BoolProperty], m_iLastBuildupFrame[IntProperty], m_fHitFrame[FloatProperty], m_bStrikelessAttack[BoolProperty], m_Name[NameProperty], m_RealAttackName[TextProperty]
[02:49:15] [DT] Loaded Game/DB/AI/Archetypes/FlashKick/Attacks/FlashKick_AttackData: 30 rows, struct=AttackDataRow
[02:49:15] [DT] Loaded Game/DB/AI/Archetypes/FlashKick/Attacks/FlashKick_AttackData: 30 rows, struct=AttackDataRow
[02:49:15] [DT]   Fields: m_Anim[SoftObjectProperty], m_bCanBeMirrored[BoolProperty], m_eMirroringMethod[EnumProperty], m_fMirrorUseNextFootMarkerThreshold[FloatProperty], m_eStartQuadrant[EnumProperty], m_eEndQuadrant[EnumProperty], m_fMeasuredForwardMovement[FloatProperty], m_fMovementRightLength[FloatProperty], m_bDirectRightMovementFollow[BoolProperty], m_iLastBuildupFrame[IntProperty], m_fHitFrame[FloatProperty], m_bStrikelessAttack[BoolProperty], m_Name[NameProperty], m_RealAttackName[TextProperty]
[02:49:15] [DT]   Fields: m_Anim[SoftObjectProperty], m_bCanBeMirrored[BoolProperty], m_eMirroringMethod[EnumProperty], m_fMirrorUseNextFootMarkerThreshold[FloatProperty], m_eStartQuadrant[EnumProperty], m_eEndQuadrant[EnumProperty], m_fMeasuredForwardMovement[FloatProperty], m_fMovementRightLength[FloatProperty], m_bDirectRightMovementFollow[BoolProperty], m_iLastBuildupFrame[IntProperty], m_fHitFrame[FloatProperty], m_bStrikelessAttack[BoolProperty], m_Name[NameProperty], m_RealAttackName[TextProperty]
[02:49:15] [DT] Loaded Game/DB/AI/Archetypes/BigGuy/Attacks/BigGuy_AttackData: 28 rows, struct=AttackDataRow
[02:49:15] [DT] Loaded Game/DB/AI/Archetypes/BigGuy/Attacks/BigGuy_AttackData: 28 rows, struct=AttackDataRow
[02:49:15] [DT]   Fields: m_Anim[SoftObjectProperty], m_bCanBeMirrored[BoolProperty], m_eMirroringMethod[EnumProperty], m_fMirrorUseNextFootMarkerThreshold[FloatProperty], m_eStartQuadrant[EnumProperty], m_eEndQuadrant[EnumProperty], m_fMeasuredForwardMovement[FloatProperty], m_fMovementRightLength[FloatProperty], m_bDirectRightMovementFollow[BoolProperty], m_iLastBuildupFrame[IntProperty], m_fHitFrame[FloatProperty], m_bStrikelessAttack[BoolProperty], m_Name[NameProperty], m_RealAttackName[TextProperty]
[02:49:15] [DT]   Fields: m_Anim[SoftObjectProperty], m_bCanBeMirrored[BoolProperty], m_eMirroringMethod[EnumProperty], m_fMirrorUseNextFootMarkerThreshold[FloatProperty], m_eStartQuadrant[EnumProperty], m_eEndQuadrant[EnumProperty], m_fMeasuredForwardMovement[FloatProperty], m_fMovementRightLength[FloatProperty], m_bDirectRightMovementFollow[BoolProperty], m_iLastBuildupFrame[IntProperty], m_fHitFrame[FloatProperty], m_bStrikelessAttack[BoolProperty], m_Name[NameProperty], m_RealAttackName[TextProperty]
[02:49:15] [DT] Loaded Game/DB/AI/Archetypes/Bodyguard/Attacks/BodyGuard_AttackData: 14 rows, struct=AttackDataRow
[02:49:15] [DT]   Fields: m_Anim[SoftObjectProperty], m_bCanBeMirrored[BoolProperty], m_eMirroringMethod[EnumProperty], m_fMirrorUseNextFootMarkerThreshold[FloatProperty], m_eStartQuadrant[EnumProperty], m_eEndQuadrant[EnumProperty], m_fMeasuredForwardMovement[FloatProperty], m_fMovementRightLength[FloatProperty], m_bDirectRightMovementFollow[BoolProperty], m_iLastBuildupFrame[IntProperty], m_fHitFrame[FloatProperty], m_bStrikelessAttack[BoolProperty], m_Name[NameProperty], m_RealAttackName[TextProperty]
[02:49:15] [DT] Loaded Game/DB/AI/Archetypes/Bodyguard/Attacks/BodyGuard_AttackData: 14 rows, struct=AttackDataRow
[02:49:15] [DT]   Fields: m_Anim[SoftObjectProperty], m_bCanBeMirrored[BoolProperty], m_eMirroringMethod[EnumProperty], m_fMirrorUseNextFootMarkerThreshold[FloatProperty], m_eStartQuadrant[EnumProperty], m_eEndQuadrant[EnumProperty], m_fMeasuredForwardMovement[FloatProperty], m_fMovementRightLength[FloatProperty], m_bDirectRightMovementFollow[BoolProperty], m_iLastBuildupFrame[IntProperty], m_fHitFrame[FloatProperty], m_bStrikelessAttack[BoolProperty], m_Name[NameProperty], m_RealAttackName[TextProperty]
[02:49:15] [DT] Loaded Game/DB/AI/Archetypes/FireDisciple/Attacks/FireDisciple_AttackData: 22 rows, struct=AttackDataRow
[02:49:15] [DT]   Fields: m_Anim[SoftObjectProperty], m_bCanBeMirrored[BoolProperty], m_eMirroringMethod[EnumProperty], m_fMirrorUseNextFootMarkerThreshold[FloatProperty], m_eStartQuadrant[EnumProperty], m_eEndQuadrant[EnumProperty], m_fMeasuredForwardMovement[FloatProperty], m_fMovementRightLength[FloatProperty], m_bDirectRightMovementFollow[BoolProperty], m_iLastBuildupFrame[IntProperty], m_fHitFrame[FloatProperty], m_bStrikelessAttack[BoolProperty], m_Name[NameProperty], m_RealAttackName[TextProperty]
[02:49:15] [DT] Loaded Game/DB/AI/Archetypes/FireDisciple/Attacks/FireDisciple_AttackData: 22 rows, struct=AttackDataRow
[02:49:15] [DT]   Fields: m_Anim[SoftObjectProperty], m_bCanBeMirrored[BoolProperty], m_eMirroringMethod[EnumProperty], m_fMirrorUseNextFootMarkerThreshold[FloatProperty], m_eStartQuadrant[EnumProperty], m_eEndQuadrant[EnumProperty], m_fMeasuredForwardMovement[FloatProperty], m_fMovementRightLength[FloatProperty], m_bDirectRightMovementFollow[BoolProperty], m_iLastBuildupFrame[IntProperty], m_fHitFrame[FloatProperty], m_bStrikelessAttack[BoolProperty], m_Name[NameProperty], m_RealAttackName[TextProperty]
[02:49:15] [DT] Loaded Game/DB/AI/Archetypes/FireDisciple/Attacks/FireDisciple_Staff_AttackData: 11 rows, struct=AttackDataRow
[02:49:15] [DT]   Fields: m_Anim[SoftObjectProperty], m_bCanBeMirrored[BoolProperty], m_eMirroringMethod[EnumProperty], m_fMirrorUseNextFootMarkerThreshold[FloatProperty], m_eStartQuadrant[EnumProperty], m_eEndQuadrant[EnumProperty], m_fMeasuredForwardMovement[FloatProperty], m_fMovementRightLength[FloatProperty], m_bDirectRightMovementFollow[BoolProperty], m_iLastBuildupFrame[IntProperty], m_fHitFrame[FloatProperty], m_bStrikelessAttack[BoolProperty], m_Name[NameProperty], m_RealAttackName[TextProperty]
[02:49:15] [DT]   Fields: m_Anim[SoftObjectProperty], m_bCanBeMirrored[BoolProperty], m_eMirroringMethod[EnumProperty], m_fMirrorUseNextFootMarkerThreshold[FloatProperty], m_eStartQuadrant[EnumProperty], m_eEndQuadrant[EnumProperty], m_fMeasuredForwardMovement[FloatProperty], m_fMovementRightLength[FloatProperty], m_bDirectRightMovementFollow[BoolProperty], m_iLastBuildupFrame[IntProperty], m_fHitFrame[FloatProperty], m_bStrikelessAttack[BoolProperty], m_Name[NameProperty], m_RealAttackName[TextProperty]
[02:49:15] [DT] Loaded Game/DB/AI/Archetypes/Fajar/Attacks/Fajar_AttacksDatatable: 18 rows, struct=AttackDataRow
[02:49:15] [DT] Loaded Game/DB/AI/Archetypes/Fajar/Attacks/Fajar_AttacksDatatable: 18 rows, struct=AttackDataRow
[02:49:15] [DT]   Fields: m_Anim[SoftObjectProperty], m_bCanBeMirrored[BoolProperty], m_eMirroringMethod[EnumProperty], m_fMirrorUseNextFootMarkerThreshold[FloatProperty], m_eStartQuadrant[EnumProperty], m_eEndQuadrant[EnumProperty], m_fMeasuredForwardMovement[FloatProperty], m_fMovementRightLength[FloatProperty], m_bDirectRightMovementFollow[BoolProperty], m_iLastBuildupFrame[IntProperty], m_fHitFrame[FloatProperty], m_bStrikelessAttack[BoolProperty], m_Name[NameProperty], m_RealAttackName[TextProperty]
[02:49:15] [DT]   Fields: m_Anim[SoftObjectProperty], m_bCanBeMirrored[BoolProperty], m_eMirroringMethod[EnumProperty], m_fMirrorUseNextFootMarkerThreshold[FloatProperty], m_eStartQuadrant[EnumProperty], m_eEndQuadrant[EnumProperty], m_fMeasuredForwardMovement[FloatProperty], m_fMovementRightLength[FloatProperty], m_bDirectRightMovementFollow[BoolProperty], m_iLastBuildupFrame[IntProperty], m_fHitFrame[FloatProperty], m_bStrikelessAttack[BoolProperty], m_Name[NameProperty], m_RealAttackName[TextProperty]
[02:49:15] [DT] Loaded Game/DB/AI/Archetypes/Sean/Attacks/Sean_AttacksDatatable: 35 rows, struct=AttackDataRow
[02:49:15] [DT] Loaded Game/DB/AI/Archetypes/Sean/Attacks/Sean_AttacksDatatable: 35 rows, struct=AttackDataRow
[02:49:15] [DT]   Fields: m_Anim[SoftObjectProperty], m_bCanBeMirrored[BoolProperty], m_eMirroringMethod[EnumProperty], m_fMirrorUseNextFootMarkerThreshold[FloatProperty], m_eStartQuadrant[EnumProperty], m_eEndQuadrant[EnumProperty], m_fMeasuredForwardMovement[FloatProperty], m_fMovementRightLength[FloatProperty], m_bDirectRightMovementFollow[BoolProperty], m_iLastBuildupFrame[IntProperty], m_fHitFrame[FloatProperty], m_bStrikelessAttack[BoolProperty], m_Name[NameProperty], m_RealAttackName[TextProperty]
[02:49:15] [DT] Loaded Game/DB/AI/Archetypes/Kuroki/Kuroki_AttacksDatatable: 48 rows, struct=AttackDataRow
[02:49:15] [DT] Loaded Game/DB/AI/Archetypes/Kuroki/Kuroki_AttacksDatatable: 48 rows, struct=AttackDataRow
[02:49:15] [DT]   Fields: m_Anim[SoftObjectProperty], m_bCanBeMirrored[BoolProperty], m_eMirroringMethod[EnumProperty], m_fMirrorUseNextFootMarkerThreshold[FloatProperty], m_eStartQuadrant[EnumProperty], m_eEndQuadrant[EnumProperty], m_fMeasuredForwardMovement[FloatProperty], m_fMovementRightLength[FloatProperty], m_bDirectRightMovementFollow[BoolProperty], m_iLastBuildupFrame[IntProperty], m_fHitFrame[FloatProperty], m_bStrikelessAttack[BoolProperty], m_Name[NameProperty], m_RealAttackName[TextProperty]
[02:49:15] [DT]   Fields: m_Anim[SoftObjectProperty], m_bCanBeMirrored[BoolProperty], m_eMirroringMethod[EnumProperty], m_fMirrorUseNextFootMarkerThreshold[FloatProperty], m_eStartQuadrant[EnumProperty], m_eEndQuadrant[EnumProperty], m_fMeasuredForwardMovement[FloatProperty], m_fMovementRightLength[FloatProperty], m_bDirectRightMovementFollow[BoolProperty], m_iLastBuildupFrame[IntProperty], m_fHitFrame[FloatProperty], m_bStrikelessAttack[BoolProperty], m_Name[NameProperty], m_RealAttackName[TextProperty]
[02:49:15] [DT] Loaded Game/DB/AI/Archetypes/Fengjie/Attacks/Fengjie_AttacksDatatable: 31 rows, struct=AttackDataRow
[02:49:15] [DT] Loaded Game/DB/AI/Archetypes/Fengjie/Attacks/Fengjie_AttacksDatatable: 31 rows, struct=AttackDataRow
[02:49:15] [DT]   Fields: m_Anim[SoftObjectProperty], m_bCanBeMirrored[BoolProperty], m_eMirroringMethod[EnumProperty], m_fMirrorUseNextFootMarkerThreshold[FloatProperty], m_eStartQuadrant[EnumProperty], m_eEndQuadrant[EnumProperty], m_fMeasuredForwardMovement[FloatProperty], m_fMovementRightLength[FloatProperty], m_bDirectRightMovementFollow[BoolProperty], m_iLastBuildupFrame[IntProperty], m_fHitFrame[FloatProperty], m_bStrikelessAttack[BoolProperty], m_Name[NameProperty], m_RealAttackName[TextProperty]
[02:49:15] [DT]   Fields: m_Anim[SoftObjectProperty], m_bCanBeMirrored[BoolProperty], m_eMirroringMethod[EnumProperty], m_fMirrorUseNextFootMarkerThreshold[FloatProperty], m_eStartQuadrant[EnumProperty], m_eEndQuadrant[EnumProperty], m_fMeasuredForwardMovement[FloatProperty], m_fMovementRightLength[FloatProperty], m_bDirectRightMovementFollow[BoolProperty], m_iLastBuildupFrame[IntProperty], m_fHitFrame[FloatProperty], m_bStrikelessAttack[BoolProperty], m_Name[NameProperty], m_RealAttackName[TextProperty]
[02:49:15] [DT] Loaded Game/DB/AI/Archetypes/Yang/Attacks/Yang_Attacks: 29 rows, struct=AttackDataRow
[02:49:15] [DT]   Fields: m_Anim[SoftObjectProperty], m_bCanBeMirrored[BoolProperty], m_eMirroringMethod[EnumProperty], m_fMirrorUseNextFootMarkerThreshold[FloatProperty], m_eStartQuadrant[EnumProperty], m_eEndQuadrant[EnumProperty], m_fMeasuredForwardMovement[FloatProperty], m_fMovementRightLength[FloatProperty], m_bDirectRightMovementFollow[BoolProperty], m_iLastBuildupFrame[IntProperty], m_fHitFrame[FloatProperty], m_bStrikelessAttack[BoolProperty], m_Name[NameProperty], m_RealAttackName[TextProperty]
[02:49:15] [DT] Loaded Game/DB/Attacks/WUGUAN_Attacks: 0 rows, struct=AttackDataRow
[02:49:15] [DT] Total used animation paths found: 298
[02:49:15] [DT]   Sample: Game/Animations/Grunt/Attacks/Barehands/_old/Grunt_Attack_Barehands_Sweep_360
[02:49:15] [DT]   Sample: Game/Animations/Grunt/Attacks/Barehands/GroundAttack/Grunt_attack_barehands_GroundAttack
[02:49:15] [DT]   Sample: Game/Animations/Grunt/Attacks/Barehands/BaseBallHook/Grunt_Attack_barehands_BaseBallHook
[02:49:15] [DT]   Sample: Game/Animations/Grunt/Attacks/Barehands/Hook/Grunt_Attack_barehands_Hook
[02:49:15] [DT]   Sample: Game/Animations/Grunt/Attacks/Barehands/RollUppercut/Grunt_Attack_Barehands_RollUppercut
[02:49:15] [DT]   Sample: Game/Animations/Grunt/Attacks/Barehands/KneeStrike/Grunt_Attack_Barehands_KneeStrike
[02:49:15] [DT]   Sample: Game/Animations/Grunt/Attacks/Barehands/Jab/Grunt_Attack_barehands_FastJab
[02:49:15] [DT]   Sample: Game/Animations/Grunt/Attacks/Barehands/Jab/Grunt_Attack_barehands_StraightJab
[02:49:15] [DT]   Sample: Game/Animations/Grunt/Attacks/Barehands/Rush/Grunt_Attack_Barehands_RushKick
[02:49:15] [DT]   Sample: Game/Animations/Grunt/Attacks/Barehands/FalconPunch/Grunt_attack_barehands_FalconPunch
[02:49:15] [DT] Error reading timing from Game/DB/AI/Archetypes/Grunt/Attacks/Grunt_AttacksDatatable: Operations that change non-concurrent collections must have exclusive access. A concurrent update was performed on this collection and corrupted its state. The collection's state is no longer correct.
[02:49:15] [DT] Built anim→timing mapping: 298 entries
[02:49:15] [DT] Built anim→timing mapping: 298 entries
[02:49:28] [MAP] Built anim→DB mapping: 492 entries
[02:49:28] [COMBO] Loaded Sifu/Content/DB/_MainChar/Combos/MainChar_ComboTree.MainChar_ComboTree: exportType=Combo, weapon=MainChar_Barehands
[02:49:28] [MAP] Built anim→DB mapping: 492 entries
[02:49:28] [COMBO] Loaded Sifu/Content/DB/_MainChar/Combos/MainChar_ComboTree.MainChar_ComboTree: exportType=Combo, weapon=MainChar_Barehands
[02:49:28] [COMBO] Split tree node 0 into 2 direction variants: GetUp Attack [], GetUp Attack []
[02:49:28] [COMBO] Split tree node 4 into 2 direction variants: ShinKick [FR], ShinKick [BL]
[02:49:28] [COMBO] Split tree node 4 into 2 direction variants: ShinKick [FR], ShinKick [BL]
[02:49:28] [COMBO] Split tree node 5 into 2 direction variants: ThroatPunch [FL], ThroatPunch [BL]
[02:49:28] [COMBO] Split tree node 5 into 2 direction variants: ThroatPunch [FL], ThroatPunch [BL]
[02:49:28] [COMBO] Split tree node 7 into 2 direction variants: Palm02 [FL], Palm02 [BR]
[02:49:28] [COMBO] Split tree node 7 into 2 direction variants: Palm02 [FL], Palm02 [BR]
[02:49:28] [COMBO] Split tree node 8 into 2 direction variants: TripleHit [FL], TripleHit [BR]
[02:49:28] [COMBO] Split tree node 8 into 2 direction variants: TripleHit [FL], TripleHit [BR]
[02:49:28] [COMBO] Split tree node 9 into 2 direction variants: MultiHitClaws [FL], MultiHitClaws [BR]
[02:49:28] [COMBO] Split tree node 9 into 2 direction variants: MultiHitClaws [FL], MultiHitClaws [BR]
[02:49:28] [COMBO] Split tree node 10 into 2 direction variants: DoubleElbow [FL], DoubleElbow [BR]
[02:49:28] [COMBO] Split tree node 10 into 2 direction variants: DoubleElbow [FL], DoubleElbow [BR]
[02:49:28] [COMBO] Split tree node 11 into 2 direction variants: ClawsElbow [FL], ClawsElbow [BR]
[02:49:28] [COMBO] Split tree node 11 into 2 direction variants: ClawsElbow [FL], ClawsElbow [BR]
[02:49:28] [COMBO] Split tree node 12 into 2 direction variants: ElbowSync [FL], ElbowSync [BR]
[02:49:28] [COMBO] Split tree node 12 into 2 direction variants: ElbowSync [FL], ElbowSync [BR]
[02:49:28] [COMBO] Split tree node 14 into 2 direction variants: Ext02 [FR], Ext02 [BL]
[02:49:28] [COMBO] Split tree node 14 into 2 direction variants: Ext02 [FR], Ext02 [BL]
[02:49:28] [COMBO] Split tree node 15 into 2 direction variants: AoeKnockdown [FL], AoeKnockdown [BR]
[02:49:28] [COMBO] Split tree node 15 into 2 direction variants: AoeKnockdown [FL], AoeKnockdown [BR]
[02:49:28] [COMBO] Split tree node 16 into 2 direction variants: DelaySpinHighKick [FL], DelaySpinHighKick [BL]
[02:49:28] [COMBO] Split tree node 16 into 2 direction variants: DelaySpinHighKick [FL], DelaySpinHighKick [BL]
[02:49:28] [COMBO] Split tree node 30 into 2 direction variants: FrontKick [FR], FrontKick [BL]
[02:49:28] [COMBO] Split tree node 31 into 2 direction variants: LowKick [FL], LowKick [BR]
[02:49:28] [COMBO] Split tree node 30 into 2 direction variants: FrontKick [FR], FrontKick [BL]
[02:49:28] [COMBO] Split tree node 32 into 2 direction variants: Palm Strike [FR], Palm Strike [BL]
[02:49:28] [COMBO] Split tree node 31 into 2 direction variants: LowKick [FL], LowKick [BR]
[02:49:28] [COMBO] Split tree node 33 into 2 direction variants: GuardBreak [FL], GuardBreak [BL]
[02:49:28] [COMBO] Split tree node 32 into 2 direction variants: Palm Strike [FR], Palm Strike [BL]
[02:49:28] [COMBO] Split tree node 36 into 2 direction variants: Thrust Kick [FL], Thrust Kick [BL]
[02:49:28] [COMBO] Split tree node 33 into 2 direction variants: GuardBreak [FL], GuardBreak [BL]
[02:49:28] [COMBO] Split tree node 39 into 2 direction variants: GroundPunch [FL], GroundPunch [BL]
[02:49:28] [COMBO] Split tree node 36 into 2 direction variants: Thrust Kick [FL], Thrust Kick [BL]
[02:49:28] [COMBO] Split tree node 39 into 2 direction variants: GroundPunch [FL], GroundPunch [BL]
[02:49:28] [COMBO] Split tree node 44 into 2 direction variants: Jab(new) [FR], Jab(new) [BL]
[02:49:28] [COMBO] Split tree node 45 into 2 direction variants: ThroatPlexus [FR], ThroatPlexus [BL]
[02:49:28] [COMBO] Split tree node 44 into 2 direction variants: Jab(new) [FR], Jab(new) [BL]
[02:49:28] [COMBO] Split tree node 48 into 2 direction variants: BellyPalm [FR], BellyPalm [BR]
[02:49:28] [COMBO] Split tree node 45 into 2 direction variants: ThroatPlexus [FR], ThroatPlexus [BL]
[02:49:28] [COMBO] Split tree node 50 into 2 direction variants: MultiHit [FL], MultiHit [BR]
[02:49:28] [COMBO] Split tree node 48 into 2 direction variants: BellyPalm [FR], BellyPalm [BR]
[02:49:28] [COMBO] Split tree node 51 into 2 direction variants: ResilientAttack [FL], ResilientAttack [BL]
[02:49:28] [COMBO] Split tree node 50 into 2 direction variants: MultiHit [FL], MultiHit [BR]
[02:49:28] [COMBO] Split tree node 54 into 2 direction variants: SpinHighKickFollowUp [FL], SpinHighKickFollowUp [BL]
[02:49:28] [COMBO] Split tree node 51 into 2 direction variants: ResilientAttack [FL], ResilientAttack [BL]
[02:49:28] [COMBO] Parsed 81 raw nodes from 57 tree nodes
[02:49:28] [COMBO] MainChar: stripped redirect flags (redirects are enemy-only)
[02:49:28] [COMBO] Parsed 110 raw edges
[02:49:28] [COMBO] After dedup: 102 raw edges
[02:49:28] [COMBO] Final: 60 nodes, 64 edges (removed 21 conduits, kept 0 redirects)
[02:49:28] [COMBO] Split tree node 54 into 2 direction variants: SpinHighKickFollowUp [FL], SpinHighKickFollowUp [BL]
[02:49:28] [COMBO] Loaded Sifu/Content/DB/_MainChar/Combos/Attacks/Weapons/Bats/MainChar_Bats_ComboTree.MainChar_Bats_ComboTree: exportType=Combo, weapon=MainChar_Bat
[02:49:28] [COMBO] Parsed 81 raw nodes from 57 tree nodes
[02:49:28] [COMBO] MainChar: stripped redirect flags (redirects are enemy-only)
[02:49:28] [COMBO] Parsed 110 raw edges
[02:49:28] [COMBO] After dedup: 102 raw edges
[02:49:28] [COMBO] Final: 60 nodes, 64 edges (removed 21 conduits, kept 0 redirects)
[02:49:28] [COMBO] Loaded Sifu/Content/DB/_MainChar/Combos/Attacks/Weapons/Bats/MainChar_Bats_ComboTree.MainChar_Bats_ComboTree: exportType=Combo, weapon=MainChar_Bat
[02:49:28] [COMBO] Split tree node 2 into 2 direction variants: GetUp Attack [], GetUp Attack []
[02:49:28] [COMBO] Split tree node 3 into 2 direction variants: LowKick [FL], LowKick [BR]
[02:49:28] [COMBO] Split tree node 2 into 2 direction variants: GetUp Attack [], GetUp Attack []
[02:49:28] [COMBO] Split tree node 4 into 2 direction variants: Pushback [FL], Pushback [BL]
[02:49:28] [COMBO] Split tree node 3 into 2 direction variants: LowKick [FL], LowKick [BR]
[02:49:28] [COMBO] Split tree node 5 into 2 direction variants: RibsStroke [FL], RibsStroke [BR]
[02:49:28] [COMBO] Split tree node 4 into 2 direction variants: Pushback [FL], Pushback [BL]
[02:49:28] [COMBO] Split tree node 6 into 2 direction variants: VerticalCrush [FL], VerticalCrush [BR]
[02:49:28] [COMBO] Split tree node 5 into 2 direction variants: RibsStroke [FL], RibsStroke [BR]
[02:49:28] [COMBO] Split tree node 7 into 2 direction variants: HeavyPlexusEstoc [FR], HeavyPlexusEstoc [BL]
[02:49:28] [COMBO] Split tree node 6 into 2 direction variants: VerticalCrush [FL], VerticalCrush [BR]
[02:49:28] [COMBO] Split tree node 8 into 2 direction variants: Pushkick [FR], Pushkick [BL]
[02:49:28] [COMBO] Split tree node 7 into 2 direction variants: HeavyPlexusEstoc [FR], HeavyPlexusEstoc [BL]
[02:49:28] [COMBO] Split tree node 9 into 2 direction variants: HipsHead [FR], HipsHead [BL]
[02:49:28] [COMBO] Split tree node 8 into 2 direction variants: Pushkick [FR], Pushkick [BL]
[02:49:28] [COMBO] Split tree node 10 into 2 direction variants: HeadStroke [FR], HeadStroke [BL]
[02:49:28] [COMBO] Split tree node 9 into 2 direction variants: HipsHead [FR], HipsHead [BL]
[02:49:28] [COMBO] Split tree node 10 into 2 direction variants: HeadStroke [FR], HeadStroke [BL]
[02:49:28] [COMBO] Split tree node 14 into 2 direction variants: PlexusEstoc [FR], PlexusEstoc [BL]
[02:49:28] [COMBO] Split tree node 14 into 2 direction variants: PlexusEstoc [FR], PlexusEstoc [BL]
[02:49:28] [COMBO] Split tree node 20 into 2 direction variants: BatSweep [FR], BatSweep [BL]
[02:49:28] [COMBO] Parsed 32 raw nodes from 21 tree nodes
[02:49:28] [COMBO] MainChar: stripped redirect flags (redirects are enemy-only)
[02:49:28] [COMBO] Parsed 40 raw edges
[02:49:28] [COMBO] After dedup: 40 raw edges
[02:49:28] [COMBO] Final: 27 nodes, 46 edges (removed 5 conduits, kept 0 redirects)
[02:49:28] [COMBO] Loaded Sifu/Content/DB/_MainChar/Combos/Attacks/Weapons/Staff/MainChar_Staff_ComboTree.MainChar_Staff_ComboTree: exportType=Combo, weapon=MainChar_Staff
[02:49:28] [COMBO] Split tree node 0 into 2 direction variants: GetUp Attack [], GetUp Attack []
[02:49:28] [COMBO] Split tree node 20 into 2 direction variants: BatSweep [FR], BatSweep [BL]
[02:49:28] [COMBO] Parsed 32 raw nodes from 21 tree nodes
[02:49:28] [COMBO] MainChar: stripped redirect flags (redirects are enemy-only)
[02:49:28] [COMBO] Parsed 40 raw edges
[02:49:28] [COMBO] After dedup: 40 raw edges
[02:49:28] [COMBO] Final: 27 nodes, 46 edges (removed 5 conduits, kept 0 redirects)
[02:49:28] [COMBO] Loaded Sifu/Content/DB/_MainChar/Combos/Attacks/Weapons/Staff/MainChar_Staff_ComboTree.MainChar_Staff_ComboTree: exportType=Combo, weapon=MainChar_Staff
[02:49:29] [COMBO] Split tree node 0 into 2 direction variants: GetUp Attack [], GetUp Attack []
[02:49:29] [COMBO] Split tree node 3 into 2 direction variants: KneeFlick_PP [FL], KneeFlick_PP [BR]
[02:49:29] [COMBO] Split tree node 5 into 2 direction variants: FastStrike_DoubleHit_FR [FR], FastStrike_DoubleHit_FR [BR]
[02:49:29] [COMBO] Split tree node 3 into 2 direction variants: KneeFlick_PP [FL], KneeFlick_PP [BR]
[02:49:29] [COMBO] Split tree node 6 into 2 direction variants: VerticalSink_FL [FL], VerticalSink_FL [BL]
[02:49:29] [COMBO] Split tree node 7 into 2 direction variants: Light_Finisher_FL [FL], Light_Finisher_FL [BR]
[02:49:29] [COMBO] Split tree node 5 into 2 direction variants: FastStrike_DoubleHit_FR [FR], FastStrike_DoubleHit_FR [BR]
[02:49:29] [COMBO] Split tree node 8 into 2 direction variants: LongSweep_FR [FR], LongSweep_FR [BL]
[02:49:29] [COMBO] Split tree node 6 into 2 direction variants: VerticalSink_FL [FL], VerticalSink_FL [BL]
[02:49:29] [COMBO] Split tree node 9 into 2 direction variants: VerticalCrush_FR [FR], VerticalCrush_FR [BL]
[02:49:29] [COMBO] Split tree node 7 into 2 direction variants: Light_Finisher_FL [FL], Light_Finisher_FL [BR]
[02:49:29] [COMBO] Split tree node 11 into 2 direction variants: HeadMill_PP [FL], HeadMill_PP [BR]
[02:49:29] [COMBO] Split tree node 8 into 2 direction variants: LongSweep_FR [FR], LongSweep_FR [BL]
[02:49:29] [COMBO] Split tree node 12 into 2 direction variants: HeadMill_FL [FL], HeadMill_FL [BL]
[02:49:29] [COMBO] Split tree node 9 into 2 direction variants: VerticalCrush_FR [FR], VerticalCrush_FR [BL]
[02:49:29] [COMBO] Split tree node 13 into 2 direction variants: KneeFlick_FL [FL], KneeFlick_FL [BR]
[02:49:29] [COMBO] Split tree node 11 into 2 direction variants: HeadMill_PP [FL], HeadMill_PP [BR]
[02:49:29] [COMBO] Split tree node 14 into 2 direction variants: KnockDown [FR], KnockDown [BL]
[02:49:29] [COMBO] Split tree node 12 into 2 direction variants: HeadMill_FL [FL], HeadMill_FL [BL]
[02:49:29] [COMBO] Split tree node 15 into 2 direction variants: Horizontal Mill [FR], Horizontal Mill [BL]
[02:49:29] [COMBO] Split tree node 13 into 2 direction variants: KneeFlick_FL [FL], KneeFlick_FL [BR]
[02:49:29] [COMBO] Split tree node 18 into 2 direction variants: PushBack [FL], PushBack [BL]
[02:49:29] [COMBO] Split tree node 14 into 2 direction variants: KnockDown [FR], KnockDown [BL]
[02:49:29] [COMBO] Split tree node 15 into 2 direction variants: Horizontal Mill [FR], Horizontal Mill [BL]
[02:49:29] [COMBO] Split tree node 18 into 2 direction variants: PushBack [FL], PushBack [BL]
[02:49:29] [COMBO] Split tree node 23 into 2 direction variants: EngageDelay [FL], EngageDelay [BL]
[02:49:29] [COMBO] Split tree node 26 into 2 direction variants: Duck Push [FL], Duck Push [BR]
[02:49:29] [COMBO] Split tree node 23 into 2 direction variants: EngageDelay [FL], EngageDelay [BL]
[02:49:29] [COMBO] Parsed 45 raw nodes from 30 tree nodes
[02:49:29] [COMBO] MainChar: stripped redirect flags (redirects are enemy-only)
[02:49:29] [COMBO] Parsed 66 raw edges
[02:49:29] [COMBO] After dedup: 66 raw edges
[02:49:29] [COMBO] Final: 35 nodes, 44 edges (removed 10 conduits, kept 0 redirects)
[02:49:29] [COMBO] Loaded Sifu/Content/DB/_MainChar/Combos/Attacks/Weapons/Blades/MainChar_Blades_ComboTree.MainChar_Blades_ComboTree: exportType=Combo, weapon=MainChar_Blade
[02:49:29] [COMBO] Split tree node 26 into 2 direction variants: Duck Push [FL], Duck Push [BR]
[02:49:29] [COMBO] Split tree node 1 into 2 direction variants: GetUp Attack [], GetUp Attack []
[02:49:29] [COMBO] Parsed 45 raw nodes from 30 tree nodes
[02:49:29] [COMBO] MainChar: stripped redirect flags (redirects are enemy-only)
[02:49:29] [COMBO] Parsed 66 raw edges
[02:49:29] [COMBO] After dedup: 66 raw edges
[02:49:29] [COMBO] Final: 35 nodes, 44 edges (removed 10 conduits, kept 0 redirects)
[02:49:29] [COMBO] Split tree node 2 into 2 direction variants: WideDownSlash_FR [FR], WideDownSlash_FR [BL]
[02:49:29] [COMBO] Loaded Sifu/Content/DB/_MainChar/Combos/Attacks/Weapons/Blades/MainChar_Blades_ComboTree.MainChar_Blades_ComboTree: exportType=Combo, weapon=MainChar_Blade
[02:49:29] [COMBO] Split tree node 3 into 2 direction variants: WideUpSlash_FR [FR], WideUpSlash_FR [BL]
[02:49:29] [COMBO] Split tree node 1 into 2 direction variants: GetUp Attack [], GetUp Attack []
[02:49:29] [COMBO] Split tree node 4 into 2 direction variants: Heavy_Finish_FR [FR], Heavy_Finish_FR [BL]
[02:49:29] [COMBO] Split tree node 5 into 2 direction variants: TurnHeadDownSlash_FR [FR], TurnHeadDownSlash_FR [BL]
[02:49:29] [COMBO] Split tree node 2 into 2 direction variants: WideDownSlash_FR [FR], WideDownSlash_FR [BL]
[02:49:29] [COMBO] Split tree node 3 into 2 direction variants: WideUpSlash_FR [FR], WideUpSlash_FR [BL]
[02:49:29] [COMBO] Split tree node 6 into 2 direction variants: DustBlow_FR [FR], DustBlow_FR [BL]
[02:49:29] [COMBO] Split tree node 7 into 2 direction variants: PommelStroke_FR [FR], PommelStroke_FR [BL]
[02:49:29] [COMBO] Split tree node 4 into 2 direction variants: Heavy_Finish_FR [FR], Heavy_Finish_FR [BL]
[02:49:29] [COMBO] Split tree node 8 into 2 direction variants: ThroatPokeSlash_FR [FR], ThroatPokeSlash_FR [BL]
[02:49:29] [COMBO] Split tree node 5 into 2 direction variants: TurnHeadDownSlash_FR [FR], TurnHeadDownSlash_FR [BL]
[02:49:29] [COMBO] Split tree node 6 into 2 direction variants: DustBlow_FR [FR], DustBlow_FR [BL]
[02:49:29] [COMBO] Split tree node 7 into 2 direction variants: PommelStroke_FR [FR], PommelStroke_FR [BL]
[02:49:29] [COMBO] Split tree node 10 into 2 direction variants: LowKick [FL], LowKick [BR]
[02:49:29] [COMBO] Split tree node 8 into 2 direction variants: ThroatPokeSlash_FR [FR], ThroatPokeSlash_FR [BL]
[02:49:29] [COMBO] Split tree node 11 into 2 direction variants: Pushback Palm [FL], Pushback Palm [BL]
[02:49:29] [COMBO] Split tree node 13 into 2 direction variants: Thrust Kick Slash [FR], Thrust Kick Slash [BL]
[02:49:29] [COMBO] Split tree node 10 into 2 direction variants: LowKick [FL], LowKick [BR]
[02:49:29] [COMBO] Split tree node 11 into 2 direction variants: Pushback Palm [FL], Pushback Palm [BL]
[02:49:29] [COMBO] Parsed 28 raw nodes from 17 tree nodes
[02:49:29] [COMBO] MainChar: stripped redirect flags (redirects are enemy-only)
[02:49:29] [COMBO] Parsed 36 raw edges
[02:49:29] [COMBO] After dedup: 36 raw edges
[02:49:29] [COMBO] Final: 27 nodes, 36 edges (removed 1 conduits, kept 0 redirects)
[02:49:29] [LIBRARY] System.Exception: MainChar library: BareHands=50, Bat=21, Staff=27, Knife=23
[02:49:29] [COMBO] Split tree node 13 into 2 direction variants: Thrust Kick Slash [FR], Thrust Kick Slash [BL]
[02:49:29] [COMBO] Loaded Sifu/Content/DB/_MainChar/Combos/MainChar_ComboTree.MainChar_ComboTree: exportType=Combo, weapon=BareHands
[02:49:29] [COMBO] Split tree node 0 into 2 direction variants: GetUp Attack [], GetUp Attack []
[02:49:29] [COMBO] Parsed 28 raw nodes from 17 tree nodes
[02:49:29] [COMBO] MainChar: stripped redirect flags (redirects are enemy-only)
[02:49:29] [COMBO] Parsed 36 raw edges
[02:49:29] [COMBO] After dedup: 36 raw edges
[02:49:29] [COMBO] Final: 27 nodes, 36 edges (removed 1 conduits, kept 0 redirects)
[02:49:29] [LIBRARY] System.Exception: MainChar library: BareHands=50, Bat=21, Staff=27, Knife=23
[02:49:29] [COMBO] Split tree node 4 into 2 direction variants: ShinKick [FR], ShinKick [BL]
[02:49:29] [COMBO] Loaded Sifu/Content/DB/_MainChar/Combos/MainChar_ComboTree.MainChar_ComboTree: exportType=Combo, weapon=BareHands
[02:49:29] [COMBO] Split tree node 5 into 2 direction variants: ThroatPunch [FL], ThroatPunch [BL]
[02:49:29] [COMBO] Split tree node 0 into 2 direction variants: GetUp Attack [], GetUp Attack []
[02:49:29] [COMBO] Split tree node 7 into 2 direction variants: Palm02 [FL], Palm02 [BR]
[02:49:29] [COMBO] Split tree node 8 into 2 direction variants: TripleHit [FL], TripleHit [BR]
[02:49:29] [COMBO] Split tree node 9 into 2 direction variants: MultiHitClaws [FL], MultiHitClaws [BR]
[02:49:29] [COMBO] Split tree node 4 into 2 direction variants: ShinKick [FR], ShinKick [BL]
[02:49:29] [COMBO] Split tree node 5 into 2 direction variants: ThroatPunch [FL], ThroatPunch [BL]
[02:49:29] [COMBO] Split tree node 10 into 2 direction variants: DoubleElbow [FL], DoubleElbow [BR]
[02:49:29] [COMBO] Split tree node 7 into 2 direction variants: Palm02 [FL], Palm02 [BR]
[02:49:29] [COMBO] Split tree node 11 into 2 direction variants: ClawsElbow [FL], ClawsElbow [BR]
[02:49:29] [COMBO] Split tree node 12 into 2 direction variants: ElbowSync [FL], ElbowSync [BR]
[02:49:29] [COMBO] Split tree node 8 into 2 direction variants: TripleHit [FL], TripleHit [BR]
[02:49:29] [COMBO] Split tree node 9 into 2 direction variants: MultiHitClaws [FL], MultiHitClaws [BR]
[02:49:29] [COMBO] Split tree node 14 into 2 direction variants: Ext02 [FR], Ext02 [BL]
[02:49:29] [COMBO] Split tree node 10 into 2 direction variants: DoubleElbow [FL], DoubleElbow [BR]
[02:49:29] [COMBO] Split tree node 15 into 2 direction variants: AoeKnockdown [FL], AoeKnockdown [BR]
[02:49:29] [COMBO] Split tree node 11 into 2 direction variants: ClawsElbow [FL], ClawsElbow [BR]
[02:49:29] [COMBO] Split tree node 16 into 2 direction variants: DelaySpinHighKick [FL], DelaySpinHighKick [BL]
[02:49:29] [COMBO] Split tree node 12 into 2 direction variants: ElbowSync [FL], ElbowSync [BR]
[02:49:29] [COMBO] Split tree node 14 into 2 direction variants: Ext02 [FR], Ext02 [BL]
[02:49:29] [COMBO] Split tree node 15 into 2 direction variants: AoeKnockdown [FL], AoeKnockdown [BR]
[02:49:29] [COMBO] Split tree node 16 into 2 direction variants: DelaySpinHighKick [FL], DelaySpinHighKick [BL]
[02:49:29] [COMBO] Split tree node 30 into 2 direction variants: FrontKick [FR], FrontKick [BL]
[02:49:29] [COMBO] Split tree node 31 into 2 direction variants: LowKick [FL], LowKick [BR]
[02:49:29] [COMBO] Split tree node 32 into 2 direction variants: Palm Strike [FR], Palm Strike [BL]
[02:49:29] [COMBO] Split tree node 33 into 2 direction variants: GuardBreak [FL], GuardBreak [BL]
[02:49:29] [COMBO] Split tree node 36 into 2 direction variants: Thrust Kick [FL], Thrust Kick [BL]
[02:49:29] [COMBO] Split tree node 30 into 2 direction variants: FrontKick [FR], FrontKick [BL]
[02:49:30] [COMBO] Split tree node 39 into 2 direction variants: GroundPunch [FL], GroundPunch [BL]
[02:49:30] [COMBO] Split tree node 31 into 2 direction variants: LowKick [FL], LowKick [BR]
[02:49:30] [COMBO] Split tree node 32 into 2 direction variants: Palm Strike [FR], Palm Strike [BL]
[02:49:30] [COMBO] Split tree node 44 into 2 direction variants: Jab(new) [FR], Jab(new) [BL]
[02:49:30] [COMBO] Split tree node 33 into 2 direction variants: GuardBreak [FL], GuardBreak [BL]
[02:49:30] [COMBO] Split tree node 45 into 2 direction variants: ThroatPlexus [FR], ThroatPlexus [BL]
[02:49:30] [COMBO] Split tree node 36 into 2 direction variants: Thrust Kick [FL], Thrust Kick [BL]
[02:49:30] [COMBO] Split tree node 48 into 2 direction variants: BellyPalm [FR], BellyPalm [BR]
[02:49:30] [COMBO] Split tree node 39 into 2 direction variants: GroundPunch [FL], GroundPunch [BL]
[02:49:30] [COMBO] Split tree node 50 into 2 direction variants: MultiHit [FL], MultiHit [BR]
[02:49:30] [COMBO] Split tree node 44 into 2 direction variants: Jab(new) [FR], Jab(new) [BL]
[02:49:30] [COMBO] Split tree node 51 into 2 direction variants: ResilientAttack [FL], ResilientAttack [BL]
[02:49:30] [COMBO] Split tree node 45 into 2 direction variants: ThroatPlexus [FR], ThroatPlexus [BL]
[02:49:30] [COMBO] Split tree node 48 into 2 direction variants: BellyPalm [FR], BellyPalm [BR]
[02:49:30] [COMBO] Split tree node 54 into 2 direction variants: SpinHighKickFollowUp [FL], SpinHighKickFollowUp [BL]
[02:49:30] [COMBO] Parsed 81 raw nodes from 57 tree nodes
[02:49:30] [COMBO] MainChar: stripped redirect flags (redirects are enemy-only)
[02:49:30] [COMBO] Parsed 110 raw edges
[02:49:30] [COMBO] After dedup: 102 raw edges
[02:49:30] [COMBO] Final: 60 nodes, 64 edges (removed 21 conduits, kept 0 redirects)
[02:49:30] [COMBO] Split tree node 50 into 2 direction variants: MultiHit [FL], MultiHit [BR]
[02:49:30] [COMBO] Split tree node 51 into 2 direction variants: ResilientAttack [FL], ResilientAttack [BL]
[02:49:30] [COMBO] Split tree node 54 into 2 direction variants: SpinHighKickFollowUp [FL], SpinHighKickFollowUp [BL]
[02:49:30] [COMBO] Parsed 81 raw nodes from 57 tree nodes
[02:49:30] [COMBO] MainChar: stripped redirect flags (redirects are enemy-only)
[02:49:30] [COMBO] Parsed 110 raw edges
[02:49:30] [COMBO] After dedup: 102 raw edges
[02:49:30] [COMBO] Final: 60 nodes, 64 edges (removed 21 conduits, kept 0 redirects)
[02:49:59] [IMPORT] System.Exception: Copied pak to temp (102464 bytes): C:\Users\Charles\Downloads\Sifu Modding\Movesets Prototypes\Moveset Maker\SifuMovesetEditor\bin\Debug\net10.0-windows\ImportTemp\original.pak
[02:49:59] [IMPORT] System.Exception: UnrealPak args: "C:\Users\Charles\Downloads\Sifu Modding\Movesets Prototypes\Moveset Maker\SifuMovesetEditor\bin\Debug\net10.0-windows\ImportTemp\original.pak" -CryptoKeys="C:\Users\Charles\Downloads\Sifu Modding\Unreal Pak Extracter and Creator\4.26\UE4\UnrealPak\Crypto.json" -Extract "C:\Users\Charles\Downloads\Sifu Modding\Movesets Prototypes\Moveset Maker\SifuMovesetEditor\bin\Debug\net10.0-windows\ImportTemp\a\b\c"
[02:49:59] [IMPORT] System.Exception: UnrealPak exit: 0
[02:49:59] [IMPORT] System.Exception: UnrealPak stdout: LogPakFile: Display: Parsing crypto keys from a crypto key cache file
LogPakFile: Display: Extracted "MainChar_ComboTree.uasset" to "C:\Users\Charles\Downloads\Sifu Modding\Movesets Prototypes\Moveset Maker\SifuMovesetEditor\bin\Debug\net10.0-windows\ImportTemp\a\b\c/MainChar_ComboTree.uasset" Offset 0.
LogPakFile: Display: Extracted "MainChar_ComboTree.uexp" to "C:\Users\Charles\Downloads\Sifu Modding\Movesets Prototypes\Moveset Maker\SifuMovesetEditor\bin\Debug\net10.0-windows\ImportTemp\a\b\c/MainChar_ComboTree.uexp" Offset 28950.
LogPakFile: Display: Unreal pak executed in 0.008756 seconds
[02:49:59] [IMPORT] System.Exception: Extracted 3 files to C:\Users\Charles\Downloads\Sifu Modding\Movesets Prototypes\Moveset Maker\SifuMovesetEditor\bin\Debug\net10.0-windows\ImportTemp
[02:49:59] [IMPORT] System.Exception:   original.pak
[02:49:59] [IMPORT] System.Exception:   a\b\c\MainChar_ComboTree.uasset
[02:49:59] [IMPORT] System.Exception:   a\b\c\MainChar_ComboTree.uexp
[02:49:59] [IMPORT] System.Exception: Discovered combo tree: MainChar_ComboTree.uasset → MainChar|MainChar_Barehands (Game/DB/_MainChar/Combos/MainChar_ComboTree)
[02:49:59] [IMPORT] ReadModdedComboNodes: 52 nodes from MainChar_ComboTree.uasset
[02:49:59] [COMBO] Loaded Sifu/Content/DB/_MainChar/Combos/MainChar_ComboTree.MainChar_ComboTree: exportType=Combo, weapon=MainChar_Barehands
[02:49:59] [COMBO] Split tree node 0 into 2 direction variants: GetUp Attack [], GetUp Attack []
[02:49:59] [COMBO] Split tree node 4 into 2 direction variants: ShinKick [FR], ShinKick [BL]
[02:49:59] [COMBO] Split tree node 5 into 2 direction variants: ThroatPunch [FL], ThroatPunch [BL]
[02:49:59] [COMBO] Split tree node 7 into 2 direction variants: Palm02 [FL], Palm02 [BR]
[02:49:59] [COMBO] Split tree node 8 into 2 direction variants: TripleHit [FL], TripleHit [BR]
[02:49:59] [COMBO] Split tree node 9 into 2 direction variants: MultiHitClaws [FL], MultiHitClaws [BR]
[02:49:59] [COMBO] Split tree node 10 into 2 direction variants: DoubleElbow [FL], DoubleElbow [BR]
[02:49:59] [COMBO] Split tree node 11 into 2 direction variants: ClawsElbow [FL], ClawsElbow [BR]
[02:49:59] [COMBO] Split tree node 12 into 2 direction variants: ElbowSync [FL], ElbowSync [BR]
[02:49:59] [COMBO] Split tree node 14 into 2 direction variants: Ext02 [FR], Ext02 [BL]
[02:49:59] [COMBO] Split tree node 15 into 2 direction variants: AoeKnockdown [FL], AoeKnockdown [BR]
[02:49:59] [COMBO] Split tree node 16 into 2 direction variants: DelaySpinHighKick [FL], DelaySpinHighKick [BL]
[02:49:59] [COMBO] Split tree node 30 into 2 direction variants: FrontKick [FR], FrontKick [BL]
[02:49:59] [COMBO] Split tree node 31 into 2 direction variants: LowKick [FL], LowKick [BR]
[02:49:59] [COMBO] Split tree node 32 into 2 direction variants: Palm Strike [FR], Palm Strike [BL]
[02:49:59] [COMBO] Split tree node 33 into 2 direction variants: GuardBreak [FL], GuardBreak [BL]
[02:49:59] [COMBO] Split tree node 36 into 2 direction variants: Thrust Kick [FL], Thrust Kick [BL]
[02:49:59] [COMBO] Split tree node 39 into 2 direction variants: GroundPunch [FL], GroundPunch [BL]
[02:49:59] [COMBO] Split tree node 44 into 2 direction variants: Jab(new) [FR], Jab(new) [BL]
[02:50:00] [COMBO] Split tree node 45 into 2 direction variants: ThroatPlexus [FR], ThroatPlexus [BL]
[02:50:00] [COMBO] Split tree node 48 into 2 direction variants: BellyPalm [FR], BellyPalm [BR]
[02:50:00] [COMBO] Split tree node 50 into 2 direction variants: MultiHit [FL], MultiHit [BR]
[02:50:00] [COMBO] Split tree node 51 into 2 direction variants: ResilientAttack [FL], ResilientAttack [BL]
[02:50:00] [COMBO] Split tree node 54 into 2 direction variants: SpinHighKickFollowUp [FL], SpinHighKickFollowUp [BL]
[02:50:00] [COMBO] Parsed 81 raw nodes from 57 tree nodes
[02:50:00] [COMBO] MainChar: stripped redirect flags (redirects are enemy-only)
[02:50:00] [COMBO] Parsed 110 raw edges
[02:50:00] [COMBO] After dedup: 102 raw edges
[02:50:00] [COMBO] Final: 60 nodes, 64 edges (removed 21 conduits, kept 0 redirects)
[02:50:00] [IMPORT] Tree size mismatch: 52 modded vs 36 vanilla tree indices (MainChar_Barehands)
[02:50:00] [IMPORT] ApplyModdedComboToVanilla: 16 moves, 0 retargets, 0 unmatched (MainChar_Barehands)
[02:50:00] [IMPORT] System.Exception: Applied MainChar|MainChar_Barehands: 16 move(s), 0 retarget(s), 0 unmatched (mod=52 vanillaTree=36)
[02:50:02] [EXPORT] System.Exception: [_contentPath] C:\Users\Charles\Downloads\Sifu Modding\Unreal Pak Extracter and Creator\extractedPaks\pakchunk0-WindowsNoEditor\Sifu
[02:50:02] [EXPORT] System.Exception: [contentDir] C:\Users\Charles\Downloads\Sifu Modding\Unreal Pak Extracter and Creator\extractedPaks\pakchunk0-WindowsNoEditor\Sifu\Content
[02:50:02] [EXPORT] System.Exception: [detectedStance] MainChar (node AnimPath=Game/Animations/MainChar/Locomotion/Man/Barehands/Moving/V1/Lockmove/North/MC_man_barehands_V1_north_tense)
[02:50:24] [COMBO] Loaded Sifu/Content/DB/AI/Archetypes/FireDisciple/Variations/Combo/FireDisciple_Base_Combo.FireDisciple_Base_Combo: exportType=Combo, weapon=FireDisciple
[02:50:24] [COMBO] Parsed 25 raw nodes from 25 tree nodes
[02:50:24] [COMBO] Found 6 redirect nodes:  → tree[2],  → tree[5],  → tree[9],  → tree[2],  → tree[10],  → tree[2]
[02:50:24] [REDIRECT DEBUG] Transition: srcTreeIdx=0(KneeToElbow) → tgtTreeIdx=1() input=
[02:50:24] [REDIRECT DEBUG] Transition: srcTreeIdx=2(MixUp_Thrust) → tgtTreeIdx=3() input=
[02:50:24] [REDIRECT DEBUG] Transition: srcTreeIdx=2(MixUp_Thrust) → tgtTreeIdx=12() input=
[02:50:24] [REDIRECT DEBUG] Transition: srcTreeIdx=3() → tgtTreeIdx=4() input=
[02:50:24] [REDIRECT DEBUG] Transition: srcTreeIdx=5(ShoulderStrike) → tgtTreeIdx=6(Sweep_FollowUp) input=
[02:50:24] [REDIRECT DEBUG] Transition: srcTreeIdx=5(ShoulderStrike) → tgtTreeIdx=8() input=
[02:50:24] [REDIRECT DEBUG] Transition: srcTreeIdx=6(Sweep_FollowUp) → tgtTreeIdx=7() input=
[02:50:24] [REDIRECT DEBUG] Transition: srcTreeIdx=9(MixUp_Sweep) → tgtTreeIdx=10(WheelKick) input=
[02:50:24] [REDIRECT DEBUG] Transition: srcTreeIdx=9(MixUp_Sweep) → tgtTreeIdx=11() input=
[02:50:24] [REDIRECT DEBUG] Transition: srcTreeIdx=10(WheelKick) → tgtTreeIdx=11() input=
[02:50:24] [REDIRECT DEBUG] Transition: srcTreeIdx=13(ThrustPunch_PostParry) → tgtTreeIdx=14(QuickHookPunch) input=
[02:50:24] [REDIRECT DEBUG] Transition: srcTreeIdx=14(QuickHookPunch) → tgtTreeIdx=15() input=
[02:50:24] [REDIRECT DEBUG] Transition: srcTreeIdx=17(StraightPunch) → tgtTreeIdx=18(ThrustPunch) input=
[02:50:24] [REDIRECT DEBUG] Transition: srcTreeIdx=18(ThrustPunch) → tgtTreeIdx=19() input=
[02:50:24] [REDIRECT DEBUG] Transition: srcTreeIdx=20() → tgtTreeIdx=21() input=
[02:50:24] [COMBO] Parsed 15 raw edges
[02:50:24] [COMBO] After dedup: 15 raw edges
[02:50:24] [COMBO] Final: 17 nodes, 9 edges (removed 8 conduits, kept 6 redirects)
